
> sistema-gestion-activos-institucionales-back@1.0.0 test
> jest --runInBand

node.exe : FAIL src/__tests__/resolvers/incidencias.test.ts
En C:\Program Files\nodejs\npm.ps1: 29 Carácter: 3
+   & $NODE_EXE $NPM_CLI_JS $args
+   ~~~~~~~~~~~~~~~~~~~~~~~~~~~~~
    + CategoryInfo          : NotSpecified: (FAIL src/__test...dencias.test.ts:String) [], RemoteException
    + FullyQualifiedErrorId : NativeCommandError
 
  ÔùÅ Test suite failed to run

    [96msrc/__tests__/resolvers/incidencias.test.ts[0m:[93m80[0m:[93m47[0m - [91merror[0m[90m TS7006: 
[0mParameter 'data' implicitly has an 'any' type.

    [7m80[0m       mockRepo.save.mockImplementation(async (data) => ({ id_incidencia: 10, ...data }));
    [7m  [0m [91m                                              ~~~~[0m
    [96msrc/__tests__/resolvers/incidencias.test.ts[0m:[93m113[0m:[93m47[0m - [91merror[0m[90m TS7006: 
[0mParameter 'data' implicitly has an 'any' type.

    [7m113[0m       mockRepo.save.mockImplementation(async (data) => data);
    [7m   [0m [91m                                              ~~~~[0m
    [96msrc/__tests__/resolvers/incidencias.test.ts[0m:[93m126[0m:[93m47[0m - [91merror[0m[90m TS7006: 
[0mParameter 'data' implicitly has an 'any' type.

    [7m126[0m       mockRepo.save.mockImplementation(async (data) => data);
    [7m   [0m [91m                                              ~~~~[0m

FAIL src/__tests__/resolvers/bienes.test.ts
  ÔùÅ Test suite failed to run

    [96msrc/__tests__/resolvers/bienes.test.ts[0m:[93m76[0m:[93m47[0m - [91merror[0m[90m TS7006: 
[0mParameter 'data' implicitly has an 'any' type.

    [7m76[0m       mockRepo.save.mockImplementation(async (data) => ({ id_bien: 'mocked-uuid', ...data }));
    [7m  [0m [91m                                              ~~~~[0m
    [96msrc/__tests__/resolvers/bienes.test.ts[0m:[93m109[0m:[93m47[0m - [91merror[0m[90m TS7006: 
[0mParameter 'data' implicitly has an 'any' type.

    [7m109[0m       mockRepo.save.mockImplementation(async (data) => data);
    [7m   [0m [91m                                              ~~~~[0m
    [96msrc/__tests__/resolvers/bienes.test.ts[0m:[93m123[0m:[93m47[0m - [91merror[0m[90m TS7006: 
[0mParameter 'data' implicitly has an 'any' type.

    [7m123[0m       mockRepo.save.mockImplementation(async (data) => data);
    [7m   [0m [91m                                              ~~~~[0m

FAIL src/__tests__/resolvers/garantias.test.ts
  ÔùÅ Test suite failed to run

    [96msrc/__tests__/resolvers/garantias.test.ts[0m:[93m41[0m:[93m47[0m - [91merror[0m[90m TS7006: 
[0mParameter 'data' implicitly has an 'any' type.

    [7m41[0m       mockRepo.save.mockImplementation(async (data) => ({ id_garantia: 1, ...data }));
    [7m  [0m [91m                                              ~~~~[0m
    [96msrc/__tests__/resolvers/garantias.test.ts[0m:[93m77[0m:[93m47[0m - [91merror[0m[90m TS7006: 
[0mParameter 'data' implicitly has an 'any' type.

    [7m77[0m       mockRepo.save.mockImplementation(async (data) => data);
    [7m  [0m [91m                                              ~~~~[0m

PASS src/utils/__tests__/errors.test.ts
  Clases de Errores Personalizados (GraphQL)
    ÔêÜ AuthenticationError debe tener c├│digo UNAUTHENTICATED y status 401 (6 ms)
    ÔêÜ ForbiddenError debe tener c├│digo FORBIDDEN y status 403 (1 ms)
    ÔêÜ NotFoundError debe incluir el recurso faltante y status 404 (1 ms)
    ÔêÜ ValidationError debe tener c├│digo BAD_USER_INPUT y status 400 (1 ms)
    ÔêÜ ConflictError debe tener c├│digo CONFLICT y status 409 (1 ms)

PASS src/utils/__tests__/pagination.test.ts
  Funciones de Paginaci├│n
    encodeCursor
      ÔêÜ Debe codificar correctamente un ID num├®rico a base64 (1 ms)
      ÔêÜ Debe codificar correctamente un ID de cadena texto a base64
    decodeCursor
      ÔêÜ Debe decodificar correctamente un string en base64 a su valor original
    buildPaginatedResponse
      ÔêÜ Debe construir una conexi├│n de paginaci├│n con pageInfo correcto - Sin HasNextPage (2 ms)
      ÔêÜ Debe construir una conexi├│n de paginaci├│n e indicar si tiene siguiente p├ígina (1 ms)
      ÔêÜ Debe indicar que tiene una p├ígina anterior si se pas├│ after o before como argumento (1 ms)

Test Suites: 3 failed, 2 passed, 5 total
Tests:       11 passed, 11 total
Snapshots:   0 total
Time:        5.578 s
Ran all test suites.
